Starting a Gradle Daemon, 1 busy and 1 incompatible and 2 stopped Daemons could not be reused, use --status for details

FAILURE: Build failed with an exception.

* What went wrong:
A problem occurred configuring project ':app'.
> Starting in Kotlin 2.0, the Compose Compiler Gradle plugin is required
  when compose is enabled. See the following link for more information:
  https://d.android.com/r/studio-ui/compose-compiler

* Try:
> Run with --stacktrace option to get the stack trace.
> Run with --info or --debug option to get more log output.
> Run with --scan to get full insights.
> Get more help at https://help.gradle.org.

BUILD FAILED in 16s
